# callgrind format
version: 1
creator: callgrind-3.24.0
pid: 151223
cmd:  cache_probe/cache_probe BIKE-L1 11111
part: 1


desc: I1 cache: 32768 B, 64 B, 8-way associative
desc: D1 cache: 32768 B, 64 B, 8-way associative
desc: LL cache: 8388608 B, 64 B, direct-mapped

desc: Timerange: Basic block 0 - 2885409
desc: Trigger: Program termination

positions: line
events: Ir Dr Dw I1mr D1mr D1mw ILmr DLmr DLmw
summary: 8620690 2207087 2304799 123 2490 6878 114 8


ob=(5) /home/wizard/Desktop/thesis/vendor/liboqs-install/lib/liboqs.so.0.14.0
fl=(149) ???
fn=(708) SHA3_shake256_inc_init
0 7 0 3
cfn=(710) OQS_MEM_aligned_alloc
calls=3 0 
0 83 15 8 0 0 1
0 7 0 2
cob=(2) /usr/lib/x86_64-linux-gnu/libc.so.6
cfi=(171) ./nptl/./nptl/pthread_once.c
cfn=(692) pthread_once@@GLIBC_2.34
calls=3 139 
0 5 2
0 1 1
0 2 1 1
cfn=(730) KeccakP1600_Initialize_avx2
calls=3 0 
0 9 1 7
0 5 3 1

fn=(744) KeccakP1600_AddByte_avx2
0 66 12 6 0 1

fn=(764) OQS_KEM_bike_l1_secure_set_bits_avx2
0 107836 4302 128 0 3 15

fn=(786) SHA3_shake256_inc_ctx_release
0 3 1
cfn=(788) OQS_MEM_aligned_secure_free
calls=3 0 
0 111 27 22

fn=(804) OQS_KEM_bike_l1_gf2x_mod_mul_with_ctx
0 8085 7740 7830 0 519 528
cfn=(802) OQS_KEM_bike_l1_gf2x_red_avx2
calls=33 0 
0 8355 2295 1005 0 11 480
0 45 0 15
cfn=(770) OQS_MEM_cleanse
calls=33 0 
0 92595 90 92175 0 15 24
0 15 15
0 45 0 15
cfn=(770)
calls=33 0 
0 61875 90 61455
0 15 15
0 390 165 60
cfn=(820) karatzuba.constprop.1
calls=33 0 
0 306435 54315 36945 0 225 24
0 120 15 30
cfn=(810) OQS_KEM_bike_l1_karatzuba_add1_avx2
calls=33 0 
0 4995 1935 960 0 0 256
0 120 45 30
cfn=(812) OQS_KEM_bike_l1_karatzuba_add2_avx2
calls=33 0 
0 3000 975 480 0 0 128
0 105 30 15
cfn=(820)
calls=33 0 
0 449280 79260 54105
0 60 30 15
cfn=(814) OQS_KEM_bike_l1_karatzuba_add3_avx2
calls=33 0 
0 6480 2415 960
0 240 30 60
cfn=(818) karatzuba.constprop.2
calls=33 0 
0 147090 25515 17610 0 112 24
0 150 15 45
cfn=(810)
calls=33 0 
0 2595 975 480 0 0 128
0 105 45 30
cfn=(812)
calls=33 0 
0 1560 495 240 0 0 64
0 105 45 15
cfn=(818)
calls=33 0 
0 147090 25515 17610
0 60 30 15
cfn=(814)
calls=33 0 
0 3360 1215 480
0 240 30 45
cfn=(816) karatzuba.constprop.3
calls=33 0 
0 47700 8040 5685 0 58 16
0 120 15 30
cfn=(810)
calls=33 0 
0 1395 495 240 0 0 64
0 105 45 30
cfn=(812)
calls=33 0 
0 840 255 120 0 0 32
0 105 45 15
cfn=(816)
calls=33 0 
0 47700 8040 5685
0 60 30 15
cfn=(814)
calls=33 0 
0 1800 615 240
0 165 0 45 0 0 8
cfn=(806) karatzuba
calls=33 0 
0 14280 2115 1545 0 28 72
0 165 15 60 0 0 8
cfn=(806)
calls=33 0 
0 14280 2115 1545 0 28
0 150 15 45
cfn=(810)
calls=33 0 
0 795 255 120 0 0 32
0 135 30 45
cfn=(812)
calls=33 0 
0 480 135 60 0 0 16
0 120 60 30
cfn=(806)
calls=33 0 
0 14280 2115 1545
0 60 30 15
cfn=(814)
calls=33 0 
0 1020 315 120
0 45 30

fn=(812)
0 47520 13140 5760 0 0 248

fn=(856) OQS_SHA3_sha3_384_inc_ctx_release
0 4 4
cfn=(858) SHA3_sha3_384_inc_ctx_release
calls=4 0 
0 228 56 44 1 2

fn=(870) OQS_KEM_bike_l1_dup_avx2
0 7920 1773 882 3 0 337 3

fn=(704) OQS_KEM_bike_l1_init_prf_state
0 9 0 4 0 0 1
cfn=(706) OQS_SHA3_shake256_inc_init
calls=3 0 
0 121 25 22 0 1 1
0 4 0 1
cfn=(732) OQS_SHA3_shake256_inc_absorb
calls=3 0 
0 77 20 11
0 2 0 1
cfn=(740) OQS_SHA3_shake256_inc_finalize
calls=3 0 
0 37 12 6 2 2
0 7 4 2

fn=(734) SHA3_shake256_inc_absorb
0 2 1
cfn=(736) keccak_inc_absorb.constprop.0
calls=3 0 
0 73 17 11

fn=(736)
0 20 2 6
cfn=(738) KeccakP1600_AddBytes_avx2
calls=3 0 
0 46 9 4
0 7 6 1

fn=(748) OQS_SHA3_shake256_inc_squeeze
0 8 8
cfn=(750) SHA3_shake256_inc_squeeze
calls=13 0 
0 11264 1480 144

fn=(752) KeccakP1600_ExtractBytes_avx2
0 772 184 92 1

fn=(756) __KeccakF1600
0 5400 650 0 0 7
cfn=(757) __KeccakF1600'2
calls=105 0 
0 124250 15000 0 0 11

fn=(757)
0 124200 14950 0 0 11
cfn=(757)
calls=2310 0 
0 1367300 165550 0 0 121
0 50 50

fn=(806)
0 62325 21825 17955 0 0 24
cfn=(808) OQS_KEM_bike_l1_gf2x_mul_base_pclmul
calls=5247 0 
0 612945 71550 57240 0 198
0 3060 180 720 0 0 8
cfn=(808)
calls=396 0 
0 46260 5400 4320 0 42 72
0 3240 720 1080
cfn=(808)
calls=396 0 
0 46260 5400 4320 0 42
0 2340 900 360
cfn=(810)
calls=396 0 
0 5940 1620 720 0 0 16
0 900 540 180
cfn=(812)
calls=396 0 
0 3600 900 360 0 0 8
0 1080 540 180
cfn=(808)
calls=396 0 
0 46260 5400 4320
0 2160 1440
cfn=(814)
calls=396 0 
0 7560 1980 720

fn=(846) SHA3_sha3_384_inc_init
0 14 0 6
cfn=(710)
calls=4 0 
0 166 30 16 1 8 1 0 1
0 14 0 4
cob=(2)
cfi=(171)
cfn=(692)
calls=4 139 
0 10 4 0 0 1
0 2 2
0 4 2 2
cfn=(730)
calls=4 0 
0 18 2 14 1 0 3
0 10 6 2

fn=(880) OQS_KEM_bike_l1_bit_slice_full_subtract_avx2
0 114198 11018 13706 6 0 103 6

fn=(730)
0 27 3 21 1 0 3

fn=(746) OQS_KEM_bike_l1_get_prf_output
0 3464 938 666 1
cob=(2)
cfi=(174) ./string/../sysdeps/x86_64/multiarch/memmove-vec-unaligned-erms.S
cfn=(762) __memcpy_avx_unaligned_erms
calls=397 256 
0 1820 390 260
0 130 130
0 540 130 134
cfn=(748)
calls=13 0 
0 11272 1488 144
0 24 0 4
cob=(2)
cfi=(174)
cfn=(762)
calls=13 256 
0 56 12 8
0 4 4 0 0 1
0 12 0 8

fn=(782) OQS_KEM_bike_l1_clean_prf_state
0 3 0 2
cfn=(784) OQS_SHA3_shake256_inc_ctx_release
calls=3 0 
0 116 30 22
0 4 1
cfn=(770)
calls=3 0 
0 36 5 9
0 1 1

fn=(814)
0 100800 30420 11520

fn=(818)
0 1440 195 540
cfn=(808)
calls=33 0 
0 3855 450 360 0 14
0 750 450
cfn=(814)
calls=165 0 
0 9000 3075 1200
0 2100 225 675
cfn=(810)
calls=165 0 
0 3975 1275 600
0 375 300 75
cfn=(812)
calls=165 0 
0 2400 675 300
0 675 300 150
cfn=(806)
calls=165 0 
0 71400 10575 7725 0 0 48
0 300 150 75
cfn=(814)
calls=165 0 
0 5100 1575 600
0 1275 225 300
cfn=(816)
calls=165 0 
0 238500 40200 28425 0 56
0 525 150 75
cfn=(810)
calls=165 0 
0 6975 2475 1200
0 525 300 75
cfn=(812)
calls=165 0 
0 4200 1275 600
0 525 75 75
cfn=(816)
calls=165 0 
0 238500 40200 28425
0 1425 150 525
cfn=(808)
calls=165 0 
0 19275 2250 1800 0 14
0 675 300 150
cfn=(806)
calls=165 0 
0 21150 2925 2325 0 14
0 450 225 75
cfn=(810)
calls=165 0 
0 2475 675 300
0 375 300 75
cfn=(812)
calls=165 0 
0 1500 375 150
0 600 300 150
cfn=(806)
calls=165 0 
0 21150 2925 2325
0 300 150 75
cfn=(814)
calls=165 0 
0 3150 825 300
0 1650 450 525
cfn=(806)
calls=165 0 
0 21150 2925 2325 0 14
0 600 150 150
cfn=(806)
calls=165 0 
0 21150 2925 2325 0 14
0 450 375 75
cfn=(810)
calls=165 0 
0 2475 675 300
0 375 300 75
cfn=(812)
calls=165 0 
0 1500 375 150
0 600 300 150
cfn=(806)
calls=165 0 
0 21150 2925 2325
0 300 225 75
cfn=(814)
calls=165 0 
0 3150 825 300
0 225 150

fn=(874) __popcountdi2
0 161805 7705 0 2 0 0 2

fn=(738)
0 5416 1234 596 1 2

fn=(820)
0 720 210 180
cfn=(814)
calls=66 0 
0 6720 2430 960
0 870 120 270
cfn=(816)
calls=66 0 
0 95400 16080 11370 0 56
0 180 90 30
cfn=(810)
calls=66 0 
0 2790 990 480
0 150 120 30
cfn=(812)
calls=66 0 
0 1680 510 240
0 210 120 30
cfn=(816)
calls=66 0 
0 95400 16080 11370
0 120 60 30
cfn=(814)
calls=66 0 
0 3600 1230 480
0 450 30 120
cfn=(818)
calls=66 0 
0 151335 26085 18060 0 14
0 210 60 30
cfn=(810)
calls=66 0 
0 5190 1950 960 0 99
0 210 120 30
cfn=(812)
calls=66 0 
0 3120 990 480
0 210 30 30
cfn=(818)
calls=66 0 
0 294180 51030 35220 0 0 24
0 780 150 240
cfn=(806)
calls=66 0 
0 28560 4230 3090 0 28
0 180 90 30
cfn=(810)
calls=66 0 
0 1590 510 240
0 150 120 30
cfn=(812)
calls=66 0 
0 960 270 120
0 240 120 60
cfn=(806)
calls=66 0 
0 28560 4230 3090
0 120 60 30
cfn=(814)
calls=66 0 
0 2040 630 240
0 540 60 180
cfn=(806)
calls=66 0 
0 8460 1170 930 0 14
0 240 60 60
cfn=(806)
calls=66 0 
0 8460 1170 930 0 14
0 180 90 30
cfn=(810)
calls=66 0 
0 990 270 120
0 150 120 30
cfn=(812)
calls=66 0 
0 600 150 60
0 240 120 60
cfn=(806)
calls=66 0 
0 8460 1170 930
0 120 60 30
cfn=(814)
calls=66 0 
0 1260 330 120
0 90 60

fn=(840) OQS_SHA3_sha3_384
0 4 4 0 1 2
cfn=(842) SHA3_sha3_384
calls=4 0 
0 127166 16297 1210 5 32 5 0 1

fn=(858)
0 6 2
cfn=(788)
calls=4 0 
0 222 54 44 1 2

fn=(878) OQS_KEM_bike_l1_bit_sliced_adder_avx2
0 2487822 541788 540764 3 0 0 3

fn=(706)
0 2 2 0 0 1
cfn=(708)
calls=3 0 
0 119 23 22 0 0 1

fn=(816)
0 5520 1680 1440
cfn=(814)
calls=528 0 
0 16320 5040 1920
0 5760 240 2160
cfn=(808)
calls=528 0 
0 61680 7200 5760 0 42 8
0 2160 960 480
cfn=(806)
calls=528 0 
0 67680 9360 7440 0 43 8
0 1440 720 240
cfn=(810)
calls=528 0 
0 7920 2160 960
0 1200 960 240
cfn=(812)
calls=528 0 
0 4800 1200 480
0 1920 960 480
cfn=(806)
calls=528 0 
0 67680 9360 7440
0 960 480 240
cfn=(814)
calls=528 0 
0 10080 2640 960
0 4800 960 720
cfn=(810)
calls=528 0 
0 12720 4080 1920
0 1440 720 240
cfn=(812)
calls=528 0 
0 7680 2160 960
0 4560 960 1440
cfn=(806)
calls=528 0 
0 67680 9360 7440 0 43
0 6480 1440 2160
cfn=(806)
calls=528 0 
0 67680 9360 7440 0 42
0 1440 1200 240
cfn=(810)
calls=528 0 
0 7920 2160 960
0 1440 960 240
cfn=(812)
calls=528 0 
0 4800 1200 480
0 1920 720 480
cfn=(806)
calls=528 0 
0 67680 9360 7440
0 960 720 240
cfn=(814)
calls=528 0 
0 10080 2640 960
0 4320 720 960
cfn=(806)
calls=528 0 
0 67680 9360 7440
0 1920 240 480
cfn=(806)
calls=528 0 
0 67680 9360 7440
0 1440 480 240
cfn=(810)
calls=528 0 
0 7920 2160 960
0 1680 960 240
cfn=(812)
calls=528 0 
0 4800 1200 480
0 1920 240 480
cfn=(806)
calls=528 0 
0 67680 9360 7440
0 960 480 240
cfn=(814)
calls=528 0 
0 10080 2640 960
0 720 480

fn=(838) OQS_KEM_bike_l1_generate_error_vector
0 11 0 7 0 0 1
cfn=(686) OQS_CPU_has_extension
calls=2 0 
0 19 6 2 0 1
0 1 1 0 0 1
0 31 0 21 0 0 3
cfn=(704)
calls=2 0 
0 257 61 47 2 3 2
0 13 1 3
cfn=(746)
calls=2 0 
0 2868 383 46 1 1
0 665 133 266
cfn=(746)
calls=266 0 
0 14454 2709 1178
0 83278 9046 134 0 0 6
cfn=(764)
calls=2 0 
0 53918 2151 64 0 3
0 5 0 1
cfn=(764)
calls=2 0 
0 53918 2151 64 0 0 15
0 149 0 133
cfn=(770)
calls=2 0 
0 25 4 3
0 1 1
0 2 0 1
cfn=(782)
calls=2 0 
0 160 37 33
0 15 7 2
cfn=(686)
calls=2 0 
0 19 6 2
0 1 1
0 5 0 1

fn=(864) OQS_KEM_decaps
0 7 1 0 0 1
cfn=(866) OQS_KEM_bike_l1_decaps
calls=1 0 
0 8619991 2206852 2304664 121 2447 6875 112 6

fn=(710)
0 3
cob=(2)
cfi=(163) ./malloc/./malloc/malloc.c
cfn=(716) aligned_alloc
calls=7 3634 
0 243 42 24 1 7 2 0 1
0 3 3 0 0 1

fn=(754) KeccakP1600_Permute_24rounds_avx2
0 800 350 50
cfn=(756)
calls=105 0 
0 129650 15650 0 0 18
0 450 50 350

fn=(808)
0 836535 97650 78120 0 352 80

fn=(810)
0 78660 24660 11520 0 99 496

fn=(842)
0 22 0 10 0 0 1
cfn=(844) OQS_SHA3_sha3_384_inc_init
calls=4 0 
0 242 50 44 2 10 4 0 1
0 8 0 2
cfn=(848) OQS_SHA3_sha3_384_inc_absorb
calls=4 0 
0 121110 15461 1046 1 20
0 6 0 2
cfn=(852) OQS_SHA3_sha3_384_inc_finalize
calls=4 0 
0 5530 716 60 1
0 4 0 2
cfn=(856)
calls=4 0 
0 232 60 44 1 2
0 12 10

fn=(844)
0 4 4 0 0 1
cfn=(846)
calls=4 0 
0 238 46 44 2 9 4 0 1

fn=(852)
0 4 4
cfn=(854) SHA3_sha3_384_inc_finalize
calls=4 0 
0 5526 712 60 1

fn=(866)
0 1404 854 1375 3 82 16 3 4
cfn=(868) OQS_KEM_bike_l1_decode
calls=1 0 
0 8235513 2162618 2276293 94 2246 6604 94 1
0 808 775 780 3 49 101 3
cfn=(840)
calls=1 0 
0 82817 10602 766 6 34 5 0 1
0 7 2 3 1 0 1 1
cfn=(770)
calls=1 0 
0 3111 6 3083
0 1 1
0 3 0 1
cfn=(770)
calls=1 0 
0 22 4 3
0 1 1
0 9 4 3 1 1 1 1
cfn=(770)
calls=1 0 
0 22 4 3
0 1 1
0 7 2 3 1 0 0 1
cfn=(838)
calls=1 0 
0 209815 16698 2008 3 9 27
0 4 0 2 0 0 1
cfn=(770)
calls=1 0 
0 22 4 3
0 1 1
0 25226 9512 3319 7 24 23 7
cfn=(840)
calls=1 0 
0 44353 5699 444
0 7 2 3
cfn=(770)
calls=1 0 
0 22 4 3
0 1 1
0 3 0 1
cfn=(770)
calls=1 0 
0 116 5 53
0 1 1
0 7 2 3 1 0 1 1
cfn=(770)
calls=1 0 
0 4125 6 4097 0 0 14
0 1 1
0 3 0 1
cfn=(770)
calls=1 0 
0 4125 6 4097
0 1 1
0 3 1 1
cfn=(770)
calls=1 0 
0 22 4 3
0 1 1
0 3 1 1 1 0 0 1
cfn=(770)
calls=1 0 
0 3111 6 3083
0 1 1
0 3 1 1
cfn=(770)
calls=1 0 
0 5252 6 5224 0 0 81
0 1 1
0 3 0 1
cfn=(770)
calls=1 0 
0 22 4 3
0 1 1
0 9 8 0 0 2

fn=(732)
0 2 2
cfn=(734)
calls=3 0 
0 75 18 11

fn=(740)
0 2 2 0 0 1
cfn=(742) SHA3_shake256_inc_finalize
calls=3 0 
0 35 10 6 2 1

fn=(784)
0 2 2
cfn=(786)
calls=3 0 
0 114 28 22

fn=(848)
0 4 4
cfn=(850) SHA3_sha3_384_inc_absorb
calls=4 0 
0 121106 15457 1046 1 20

fn=(850)
0 48 6 12
cfn=(738)
calls=4 0 
0 236 54 26 1 2
0 294 42 42
cfn=(738)
calls=84 0 
0 4956 1134 546
0 88 44 44
cfn=(754)
calls=88 0 
0 115192 14124 352 0 18
0 100 4 2
cfn=(738)
calls=4 0 
0 178 37 20
0 14 12 2

fn=(854)
0 24 6 10
cfn=(744)
calls=4 0 
0 22 4 2
0 8 2 2
cfn=(744)
calls=4 0 
0 22 4 2
0 32 6 4
cfn=(752)
calls=4 0 
0 12 4 2 1
0 4 2 2
cfn=(754)
calls=4 0 
0 5236 642 16
0 24 4 4
cfn=(752)
calls=4 0 
0 128 28 14
0 14 10 2

fn=(876) OQS_KEM_bike_l1_rotate_right_avx2
0 3547586 1343888 985054 5 260 30 5 1

fn=(686)
0 245 0 98
cob=(2)
cfi=(171)
cfn=(692)
calls=62 139 
0 245 98 0 0 9
0 49 49 0 0 7
0 392 147 0 0 8

fn=(742)
0 6 3 2 1
cfn=(744)
calls=3 0 
0 11 2 1
0 4 1 1 1
cfn=(744)
calls=3 0 
0 11 2 1 0 1
0 3 2 1

fn=(750)
0 76 12 20
cfn=(752)
calls=13 0 
0 24 8 4
0 8 4 4
cfn=(754)
calls=13 0 
0 10472 1284 32
0 48 8 8
cfn=(752)
calls=13 0 
0 608 144 72
0 28 20 4

fn=(868)
0 14 0 9 1 0 2 1
cfn=(686)
calls=1 0 
0 19 6 2 0 1
0 1 1 0 0 1
0 2763 583 2714 6 0 267 6
cfn=(828) OQS_KEM_bike_l1_gf2x_mod_mul
calls=1 0 
0 92801 15235 20685 0 73 211
0 205 195 197 1 0 0 1
cfn=(870)
calls=1 0 
0 880 197 98 3 0 1 3
0 3 1 1
cfn=(770)
calls=1 0 
0 137 5 65
0 1 1
0 2 1 1
cfn=(870)
calls=1 0 
0 880 197 98
0 397 1 387 1 0 49 1
cfn=(872) OQS_KEM_bike_l1_r_bits_vector_weight
calls=1 0 
0 43162 3087 1545 5 0 0 5
0 634 1 591 3 0 74 3
cob=(2)
cfi=(176) ./string/../sysdeps/x86_64/multiarch/memset-vec-unaligned-erms.S
cfn=(780) __memset_avx2_unaligned_erms
calls=1 199 
0 16402 3 16384 0 0 224
0 1 1 0 0 1
0 5 1 1
cob=(2)
cfi=(176)
cfn=(780)
calls=1 199 
0 16402 3 16384 0 2 20
0 1 1 0 0 1
0 12 6 2 1 1 0 1
cfn=(876)
calls=2 0 
0 7138 2704 1982 5 17 5 5 1
0 700 420 140 0 9
cfn=(876)
calls=140 0 
0 499660 189280 138740
0 1874 206 64
cfn=(878)
calls=64 0 
0 173056 37696 37632
0 192 32 32 1 0 0 1
cfn=(878)
calls=32 0 
0 72160 15712 15680
0 40 2 2 1 0 0 1
cfn=(878)
calls=2 0 
0 918 198 196 3 0 0 3
0 66 16 16
cfn=(878)
calls=16 0 
0 28896 6288 6272
0 48 8 8 1 0 0 1
cfn=(878)
calls=8 0 
0 10856 2360 2352
0 72 16 16
cfn=(878)
calls=16 0 
0 50448 10992 10976
0 38 6 2 1 0 0 1
cfn=(880)
calls=2 0 
0 16314 1574 1958 6 0 29 6
0 3178 406 1562 4 25 48 4
cfn=(878)
calls=6 0 
0 21612 4710 4704
0 1414 594 199 3 1 49 3
cfn=(770)
calls=1 0 
0 16413 6 16385 0 4 28
0 1 1 0 0 1
0 3 0 1
cfn=(770)
calls=1 0 
0 4701 6 4673 0 0 4
0 1 1
0 10 5 2 1 0 1 1
cfn=(882) OQS_KEM_bike_l1_recompute_syndrome
calls=1 0 
0 190004 31794 43092 7 196 395 7
0 598 3 587 1 2 73 1
cob=(2)
cfi=(176)
cfn=(780)
calls=1 199 
0 16402 3 16384 0 0 256
0 1 1 0 0 1
0 6 1 2
cob=(2)
cfi=(176)
cfn=(780)
calls=1 199 
0 16402 3 16384 0 2 8
0 1 1 0 0 1
0 14 8 2 1 1 0 1
cfn=(876)
calls=2 0 
0 7138 2704 1982 0 47 1
0 700 420 140 0 9
cfn=(876)
calls=140 0 
0 499660 189280 138740
0 1874 206 64 1 0 0 1
cfn=(878)
calls=64 0 
0 173056 37696 37632
0 192 32 32
cfn=(878)
calls=32 0 
0 72160 15712 15680
0 40 2 2 1 0 0 1
cfn=(878)
calls=2 0 
0 918 198 196
0 66 16 16
cfn=(878)
calls=16 0 
0 28896 6288 6272
0 48 8 8
cfn=(878)
calls=8 0 
0 10856 2360 2352
0 24 4 4 1 0 0 1
cfn=(878)
calls=4 0 
0 3632 788 784
0 68 16 16 1 0 0 1
cfn=(878)
calls=16 0 
0 50448 10992 10976
0 40 4 4
cfn=(880)
calls=2 0 
0 16314 1574 1958 0 0 10
0 2174 597 199 4 99 0 4
cfn=(770)
calls=1 0 
0 16413 6 16385 0 4 8
0 1 1 0 0 1
0 3 0 1
cfn=(770)
calls=1 0 
0 4701 6 4673
0 1 1
0 9 6 1 1 1 0 1
cfn=(882)
calls=1 0 
0 190004 31794 43092 0 180 391
0 600 3 588 1 2 73 1
cob=(2)
cfi=(176)
cfn=(780)
calls=1 199 
0 16402 3 16384 0 0 256
0 1 1 0 0 1
0 6 1 2
cob=(2)
cfi=(176)
cfn=(780)
calls=1 199 
0 16402 3 16384 0 0 12
0 1 1 0 0 1
0 16 8 2 1 1 0 1
cfn=(876)
calls=2 0 
0 7138 2704 1982 0 48 4
0 700 420 140 0 9
cfn=(876)
calls=140 0 
0 499660 189280 138740
0 1874 206 64 1 0 0 1
cfn=(878)
calls=64 0 
0 173056 37696 37632
0 192 32 32
cfn=(878)
calls=32 0 
0 72160 15712 15680
0 40 2 2 1 0 0 1
cfn=(878)
calls=2 0 
0 918 198 196
0 66 16 16
cfn=(878)
calls=16 0 
0 28896 6288 6272
0 48 8 8 1 0 0 1
cfn=(878)
calls=8 0 
0 10856 2360 2352
0 72 16 16
cfn=(878)
calls=16 0 
0 50448 10992 10976
0 40 4 4 1 0 0 1
cfn=(880)
calls=2 0 
0 16314 1574 1958 0 0 8
0 2167 597 199 3 99 0 3
cfn=(770)
calls=1 0 
0 16413 6 16385 0 4 28
0 1 1 0 0 1
0 3 0 1 1 0 0 1
cfn=(770)
calls=1 0 
0 4701 6 4673 0 0 3
0 1 1
0 7 6 1 0 1
cfn=(882)
calls=1 0 
0 190004 31794 43092 0 180 395
0 3 1 2
cfn=(872)
calls=1 0 
0 43162 3087 1545
0 6 3 3
cfn=(872)
calls=3 0 
0 129486 9261 4635
0 2520 20 2356 3 4 292 3
cob=(2)
cfi=(176)
cfn=(780)
calls=4 199 
0 65608 12 65536 0 0 1024
0 4 4 0 0 4
0 24 4 8
cob=(2)
cfi=(176)
cfn=(780)
calls=4 199 
0 65608 12 65536 0 8 80
0 4 4 0 0 4
0 56 32 8 1 4 0 1
cfn=(876)
calls=8 0 
0 28552 10816 7928 0 148 20
0 2800 1680 560 0 36
cfn=(876)
calls=560 0 
0 1998640 757120 554960
0 7496 824 256 1 0 0 1
cfn=(878)
calls=256 0 
0 692224 150784 150528
0 768 128 128
cfn=(878)
calls=128 0 
0 288640 62848 62720
0 160 8 8 1 0 0 1
cfn=(878)
calls=8 0 
0 3672 792 784
0 264 64 64
cfn=(878)
calls=64 0 
0 115584 25152 25088
0 192 32 32 1 0 0 1
cfn=(878)
calls=32 0 
0 43424 9440 9408
0 288 64 64 1 0 0 1
cfn=(878)
calls=64 0 
0 201792 43968 43904
0 160 24 16
cfn=(880)
calls=8 0 
0 65256 6296 7832 0 0 56
0 12720 1656 6248 4 196 192 4
cfn=(878)
calls=24 0 
0 86448 18840 18816
0 5648 2356 804 3 4 196 3
cfn=(770)
calls=4 0 
0 65652 24 65540 0 16 112
0 4 4 0 0 4
0 12 0 4
cfn=(770)
calls=4 0 
0 18804 24 18692 0 0 16
0 4 4
0 40 24 4 1 4 0 1
cfn=(882)
calls=4 0 
0 760016 127176 172368 0 784 1580
0 11 0 5 1 0 0 1
cfn=(770)
calls=1 0 
0 4701 6 4673
0 1 1
0 3 0 1
cfn=(770)
calls=1 0 
0 137 5 65
0 1 1
0 3 0 1
cfn=(770)
calls=1 0 
0 137 5 65 0 0 6
0 1 1
0 3 1 1 0 1
cfn=(770)
calls=1 0 
0 3111 6 3083 0 0 49
0 1 1
0 3 1 1
cfn=(770)
calls=1 0 
0 3111 6 3083 0 0 48
0 1 1
0 72 23 16 0 1
cfn=(878)
calls=16 0 
0 14528 3152 3136
0 32 4 4
cfn=(878)
calls=4 0 
0 3632 788 784
0 20 4 4 1 0 0 1
cfn=(878)
calls=4 0 
0 3632 788 784
0 6 0 1 1 0 0 1
cfn=(686)
calls=1 0 
0 19 6 2
0 1 1
0 7

fn=(882)
0 6566 2716 6356 4 164 458 4
cfn=(828)
calls=7 0 
0 649607 106645 144795 0 714 1477
0 12635 3591 1806 1 224 0 1
cfn=(828)
calls=7 0 
0 649607 106645 144795 0 238 224
0 1449 1358 1358 1 0 168 1
cfn=(870)
calls=7 0 
0 6160 1379 686 0 0 336
0 21 0 7 1 0 0 1
cfn=(770)
calls=7 0 
0 959 35 455
0 7 7
0 21 0 7
cfn=(770)
calls=7 0 
0 959 35 455 0 0 70
0 7 7
0 21 7 7
cfn=(770)
calls=7 0 
0 959 35 455 0 0 28
0 7 7
0 21 0 7
cfn=(770)
calls=7 0 
0 959 35 455
0 7 7
0 56 49

fn=(770)
0 330
cob=(2)
cfi=(175) ./string/./string/explicit_bzero.c
cfn=(776) explicit_bzero
calls=370 34 
0 337934 485 333839 0 45 624
0 110 110 0 0 8

fn=(788)
0 9 0 6
cfn=(770)
calls=7 0 
0 108 15 27
0 3 3
0 15 3
cob=(2)
cfi=(163)
cfn=(794) free
calls=7 3441 
0 195 57 33 1 1
0 3 3 0 0 1

fn=(802)
0 7545 2205 750 0 0 375
cfn=(770)
calls=195 0 
0 795 75 255 0 10 105
0 15 15 0 0 1

fn=(828)
0 135 0 60 0 0 8
cfn=(686)
calls=17 0 
0 285 90 30 0 14
0 15 15 0 0 7
0 135 0 90
cfn=(686)
calls=17 0 
0 285 90 30 0 8
0 15 15
0 150 0 60
cfn=(804)
calls=17 0 
0 1390410 228150 309960 0 996 1904
0 165 60 15
cfn=(686)
calls=17 0 
0 285 90 30
0 15 15
0 120

fn=(872)
0 65 5 25 2 0 0 2
cfn=(874)
calls=5 0 
0 105 5 0 2 0 0 2
0 23085 7695 7695
cfn=(874)
calls=7695 0 
0 161595 7695
0 30815 5 5
cfn=(874)
calls=5 0 
0 105 5
0 40 25 0 1 0 0 1

ob=(1) /usr/lib/x86_64-linux-gnu/ld-linux-x86-64.so.2
fl=(82) ./elf/./elf/dl-lookup.c
fn=(312) check_match
70 5 0 2
+3 1 1 0 0 1
-3 8 2 3
+3 6 1
+13 5
+3 6 2 1
cfi=(34) ./string/../sysdeps/x86_64/multiarch/../multiarch/strcmp-sse2.S
cfn=(100) strcmp
calls=53 +42 
* 24 7 0 0 1
* 2
+4 1 1 0 0 1
+1 2
+65 7 6
-1 1
-17 2
+2 2 2 0 0 1
+1 1
-1 2
+1 3
-1 2

fn=(306) _dl_lookup_symbol_x
769 4 0 4
+2 1
-2 3 0 2
+2 1
-2 4 0 3
fi=(83) ./elf/../sysdeps/generic/dl-new-hash.h
74 1 1 0 0 1
+3 2
-8 1
+1 2
+10 1 1
+1 2
-1 6 6
+1 12
+20 7
-2 7
+6 7
-3 14
+2 7
-30 7 7
+3 14
fe=(82)
771 1
+4 1 0 1 0 0 1
-4 1 0 1
+8 2
-6 3 1 1
+15 3 0 1
-15 5
+16 15 6 8
cfn=(310) do_lookup_x
calls=574 344 
* 341 103 40 0 23 0 0 2
* 7 3
+28 2 1
-23 2
-5 1 1
+29 7 1
+35 10 1 1
+14 3 1 0 0 1
+3 2 1
-57 2 1 1
+76 9 7
782 1 1
+6 3 2
-6 1
+6 2
-7 2

fn=(310)
344 8 0 6
+1 1 1 0 0 1
-1 6 2 4
+7 1 1
+11 1 1
fi=(84) ./elf/../sysdeps/generic/dl-protected.h
29 2 0 1
fe=(82)
362 3
+31 9 3 0 0 2
+8 3 3 0 0 2
-4 3 0 3
+1 3 0 3
+3 12 6 0 0 2
+1 6 6
+3 3 3
-3 3
+4 6
+3 3
+4 3 3
-4 3
+1 3 3
-2 3 3 0 0 3 0 0 1
+5 9
+3 21
+99 6 2 2
355 9 9 0 0 4 0 0 1
+3 6
+4 6
+21 6 3 0 0 2
+4 6 3 0 0 1
fi=(4) ./elf/../sysdeps/generic/ldsodefs.h
139 2 1
+1 3
fe=(82)
473 2
fi=(84)
29 2
fe=(82)
480 8 1
+16 2 1 1
+1 1 0 1
+1 1
+21 8 7
-99 3
-1 2 2 0 0 1
+2 2
+2 1 1
+6 2 0 2
-6 1
+6 8 0 5
+7 9
-10 20 4 0 0 1
+3 1
-1 1
+1 1 1 1
-1 2
+2 1
-1 1
+1 1
-1 12 6 5
cfn=(312)
calls=569 70 
* 80 22 6 0 4
+4 10 5

fl=(34)
fn=(100)
131 1
+1 1
+2 1
+1 1
+21 1
+1 1
+1 1
+1 1
+1 1 1 0 0 1
+1 1 1
+1 1 1
+1 1 1
+17 1
+1 1
+1 1
+1 1
+1 1
+1 1
+1 1
2104 1
+6 1 1
+1 1 1
+8 1
+1 1 1

fl=(158) ./elf/./elf/dl-runtime.c
fn=(586) _dl_fixup
46 8 0 5
+2 5 4 0 0 4
+1 1 1
+6 1
fi=(204) ./elf/../sysdeps/x86_64/dl-runtime.h
-27 1
fe=(158)
+21 1 1
+5 1 1 0 0 1
+1 1 1 0 0 1
-6 1
+6 2
+1 1 1 0 0 1
+2 1 1
-2 1
+2 1
-2 5 0 1
+7 2
+4 2 1 0 0 1
+4 1 1 0 0 1
-2 1
+2 2
+4 3 2 0 0 2
+1 4 1 0 0 1
+1 3 1 0 0 1
-8 1
+16 1 1 0 0 1
-1 1
+1 2
+10 10 2 3 0 1
cfi=(82)
cfn=(306)
calls=23 769 
* 529 145 63 0 25 1 0 2
* 1
+4 5 3
+10 10 4 1
+15 4 1
+9 3 1
+26 3 1
fi=(6) ./elf/../sysdeps/x86_64/dl-machine.h
+64 1 0 1
fe=(158)
-60 7 6
-1 2 1

fl=(157) ./elf/../sysdeps/x86_64/dl-trampoline.h
fn=(584) _dl_runtime_resolve_xsave
44 1 0 1
+3 1
+2 1
+10 1 1
+6 1 0 1
+1 1 0 1
+1 1 0 1
+1 1 0 1
+1 1 0 1
+1 1 0 1
+1 1 0 1
+4 1
+1 1
+3 1 0 1
+1 1 0 1
+2 1 0 1
+1 1 0 1
+1 1 0 1
+1 1 0 1
+1 1 0 1
+1 1 0 1
+2 1 0 34
+7 1 1
+1 1 1
+1 1 0 1
cfi=(158)
cfn=(586)
calls=23 -52 
* 629 181 74 0 40 1 0 2
+1 1
+5 1
+1 1
+1 1 36
+2 1 1
+1 1 1
+1 1 1
+1 1 1
+1 1 1
+1 1 1
+1 1 1
+2 1
+2 1 1
+4 1
+2 1

fl=(1) ???
fn=(0) 0x000000000001d2c0
cob=(6) /home/wizard/Desktop/thesis/sidechannel_verification/cache_probe/cache_probe
cfi=(150) ???
cfn=(544) (below main)
calls=1 0 
0 8620690 2207087 2304799 123 2490 6878 114 8

ob=(6)
fl=(150)
fn=(576) main
0 7 2 2 1 0 0 1
cob=(5)
cfi=(149)
cfn=(864)
calls=1 0 
0 8619998 2206853 2304664 121 2448 6875 112 6
cob=(1)
cfi=(157)
cfn=(584)
calls=1 44 
0 669 228 125 0 40 1 0 2
0 5 3 2 0 2

fn=(544)
cob=(2)
cfi=(151) ./csu/../csu/libc-start.c
cfn=(546) __libc_start_main@@GLIBC_2.34
calls=1 242 
0 8620690 2207087 2304799 123 2490 6878 114 8

ob=(2)
fl=(171)
fn=(692)
139 52 52 0 0 10
+1 104
+4 104 52

fl=(151)
fn=(546)
cfi=(153) ./csu/../sysdeps/nptl/libc_start_call_main.h
cfn=(568) (below main)
calls=1 29 
360 8620690 2207087 2304799 123 2490 6878 114 8

fl=(153)
fn=(568)
cob=(6)
cfi=(150)
cfn=(576)
calls=1 0 
58 8620690 2207087 2304799 123 2490 6878 114 8

fl=(175)
fn=(776)
34 220
+1 220 0 110
cfi=(176)
cfn=(780)
calls=370 199 
* 337164 265 333729 0 30 624
* 110 110 0 0 15
+3 220 110

fl=(176)
fn=(780)
199 248
+5 124
+1 124
+1 123
+1 123
+1 123
+2 6 0 6
+1 6 0 6
+1 12 6
+17 117 117 0 0 14
+1 117
+6 51 0 51
+1 51 0 51 0 0 15
+12 51
+3 51
+1 51
+12 51 0 51
+1 51 0 51 0 0 15
+13 51
+1 51
+2 51
+3 47
+3 47
+3 47 0 47
+1 47 0 47
+1 47 0 47 0 0 15
+1 47 0 47
+1 47
+1 47
+1 47
-6 428 0 428 0 0 66
+1 428 0 428
+1 428 0 428 0 0 68
+1 428 0 428
+1 428
+1 428
+1 475
+3 47 0 47 0 0 15
+1 47 0 47
+1 47 0 47 0 0 15
+1 47 0 47
+3 94 47
-6 4 0 4
+1 4 0 4
+1 4 0 4
+1 4 0 4
+3 8 4
+15 66 66 0 0 28
+1 66
+1 66
+1 66
+1 66
+1 560849 0 560783 0 0 2295
+5 66
+2 132 66
+8 1
+9 1
+1 1
+5 1
+1 1
+1 1
+1 1
+48 1 0 1
+1 1 0 1
+5 1 1

fl=(174)
fn=(762)
256 134
+6 134
+1 134
+42 134
+1 134
+2 134
+1 134
+2 134
+4 134
+16 134 134
+1 134 134
+1 134 0 134
+1 134 0 134
+1 134 134

fl=(163)
fn=(718) _mid_memalign.isra.0
3653 18 0 12 0 0 2
+6 6
+4 6
1328 6
+19 15
3693 9
3215 6 3 0 0 1
+1 12 6 0 0 2
+1 9 3 0 0 1 0 0 1
3698 3
+1 3 3 0 0 1
-1 3
+2 9
-2 6
+2 6
3180 3 3
-1 6
+13 3
-4 3 0 3
3738 3
3192 3 0 3
+1 3 0 3
3738 18 15
-70 9
+8 9
-5 6
3184 6 0 0 1
+4 12 3 0 0 1

fn=(716)
3634 9 0 3
+1 6 3 0 0 1
+7 15
+8 3
-1 3
+1 3 3
-1 3
cfn=(718)
calls=7 +4 
* 201 36 21 1 6 2 0 1

fn=(794)
3441 6
-4 15 0 15
+14 3
-14 6 0 3
+12 3 3 0 0 1
+4 3 3
-4 3 3
+4 6
+17 9 6
fi=(164) ./malloc/./malloc/arena.c
153 9
fe=(163)
4690 6
4558 12
+1 6
+4 12
3253 9 3
-1 6
+1 6 3 0 1
+9 9 6
+3 12 6
-98 3
+2 3
-4 3 0 3
+2 9 3 3
+1 3 0 3
+1 3 0 3
3271 3
3479 3 0 3
+1 24 21

totals: 8620679 2207086 2304793 122 2490 6876 113 8
