==148949== Memcheck, a memory error detector
==148949== Copyright (C) 2002-2024, and GNU GPL'd, by Julian Seward et al.
==148949== Using Valgrind-3.24.0 and LibVEX; rerun with -h for copyright info
==148949== Command: /home/wizard/Desktop/thesis/sidechannel_verification/compiler_matrix/../ctgrind/ct_test_clang-O1 BIKE-L1 1
==148949== 
==148949== Use of uninitialised value of size 1
==148949==    at 0x48643C0: OQS_KEM_bike_l1_rotate256_small (vendor/liboqs-src/src/kem/bike/additional_r4/decode_avx2.c:81)
==148949==    by 0x48643C0: OQS_KEM_bike_l1_rotate_right_avx2 (vendor/liboqs-src/src/kem/bike/additional_r4/decode_avx2.c:103)
==148949==    by 0x485F899: find_err1 (vendor/liboqs-src/src/kem/bike/additional_r4/decode.c:156)
==148949==    by 0x485F899: OQS_KEM_bike_l1_decode (vendor/liboqs-src/src/kem/bike/additional_r4/decode.c:270)
==148949==    by 0x48631D8: OQS_KEM_bike_l1_decaps (vendor/liboqs-src/src/kem/bike/additional_r4/kem.c:243)
==148949==    by 0x10933A: main (ct_test.c:66)
==148949== 
==148949== Use of uninitialised value of size 1
==148949==    at 0x48643C0: OQS_KEM_bike_l1_rotate256_small (vendor/liboqs-src/src/kem/bike/additional_r4/decode_avx2.c:81)
==148949==    by 0x48643C0: OQS_KEM_bike_l1_rotate_right_avx2 (vendor/liboqs-src/src/kem/bike/additional_r4/decode_avx2.c:103)
==148949==    by 0x485F8BD: find_err1 (vendor/liboqs-src/src/kem/bike/additional_r4/decode.c:156)
==148949==    by 0x485F8BD: OQS_KEM_bike_l1_decode (vendor/liboqs-src/src/kem/bike/additional_r4/decode.c:270)
==148949==    by 0x48631D8: OQS_KEM_bike_l1_decaps (vendor/liboqs-src/src/kem/bike/additional_r4/kem.c:243)
==148949==    by 0x10933A: main (ct_test.c:66)
==148949== 
==148949== Use of uninitialised value of size 1
==148949==    at 0x48643C0: OQS_KEM_bike_l1_rotate256_small (vendor/liboqs-src/src/kem/bike/additional_r4/decode_avx2.c:81)
==148949==    by 0x48643C0: OQS_KEM_bike_l1_rotate_right_avx2 (vendor/liboqs-src/src/kem/bike/additional_r4/decode_avx2.c:103)
==148949==    by 0x485F8E1: find_err1 (vendor/liboqs-src/src/kem/bike/additional_r4/decode.c:156)
==148949==    by 0x485F8E1: OQS_KEM_bike_l1_decode (vendor/liboqs-src/src/kem/bike/additional_r4/decode.c:270)
==148949==    by 0x48631D8: OQS_KEM_bike_l1_decaps (vendor/liboqs-src/src/kem/bike/additional_r4/kem.c:243)
==148949==    by 0x10933A: main (ct_test.c:66)
==148949== 
==148949== Use of uninitialised value of size 1
==148949==    at 0x48643C0: OQS_KEM_bike_l1_rotate256_small (vendor/liboqs-src/src/kem/bike/additional_r4/decode_avx2.c:81)
==148949==    by 0x48643C0: OQS_KEM_bike_l1_rotate_right_avx2 (vendor/liboqs-src/src/kem/bike/additional_r4/decode_avx2.c:103)
==148949==    by 0x485F905: find_err1 (vendor/liboqs-src/src/kem/bike/additional_r4/decode.c:156)
==148949==    by 0x485F905: OQS_KEM_bike_l1_decode (vendor/liboqs-src/src/kem/bike/additional_r4/decode.c:270)
==148949==    by 0x48631D8: OQS_KEM_bike_l1_decaps (vendor/liboqs-src/src/kem/bike/additional_r4/kem.c:243)
==148949==    by 0x10933A: main (ct_test.c:66)
==148949== 
==148949== Use of uninitialised value of size 1
==148949==    at 0x48643C0: OQS_KEM_bike_l1_rotate256_small (vendor/liboqs-src/src/kem/bike/additional_r4/decode_avx2.c:81)
==148949==    by 0x48643C0: OQS_KEM_bike_l1_rotate_right_avx2 (vendor/liboqs-src/src/kem/bike/additional_r4/decode_avx2.c:103)
==148949==    by 0x485F929: find_err1 (vendor/liboqs-src/src/kem/bike/additional_r4/decode.c:156)
==148949==    by 0x485F929: OQS_KEM_bike_l1_decode (vendor/liboqs-src/src/kem/bike/additional_r4/decode.c:270)
==148949==    by 0x48631D8: OQS_KEM_bike_l1_decaps (vendor/liboqs-src/src/kem/bike/additional_r4/kem.c:243)
==148949==    by 0x10933A: main (ct_test.c:66)
==148949== 
==148949== Use of uninitialised value of size 1
==148949==    at 0x48643C0: OQS_KEM_bike_l1_rotate256_small (vendor/liboqs-src/src/kem/bike/additional_r4/decode_avx2.c:81)
==148949==    by 0x48643C0: OQS_KEM_bike_l1_rotate_right_avx2 (vendor/liboqs-src/src/kem/bike/additional_r4/decode_avx2.c:103)
==148949==    by 0x485F94D: find_err1 (vendor/liboqs-src/src/kem/bike/additional_r4/decode.c:156)
==148949==    by 0x485F94D: OQS_KEM_bike_l1_decode (vendor/liboqs-src/src/kem/bike/additional_r4/decode.c:270)
==148949==    by 0x48631D8: OQS_KEM_bike_l1_decaps (vendor/liboqs-src/src/kem/bike/additional_r4/kem.c:243)
==148949==    by 0x10933A: main (ct_test.c:66)
==148949== 
==148949== Use of uninitialised value of size 1
==148949==    at 0x48643C0: OQS_KEM_bike_l1_rotate256_small (vendor/liboqs-src/src/kem/bike/additional_r4/decode_avx2.c:81)
==148949==    by 0x48643C0: OQS_KEM_bike_l1_rotate_right_avx2 (vendor/liboqs-src/src/kem/bike/additional_r4/decode_avx2.c:103)
==148949==    by 0x485F971: find_err1 (vendor/liboqs-src/src/kem/bike/additional_r4/decode.c:156)
==148949==    by 0x485F971: OQS_KEM_bike_l1_decode (vendor/liboqs-src/src/kem/bike/additional_r4/decode.c:270)
==148949==    by 0x48631D8: OQS_KEM_bike_l1_decaps (vendor/liboqs-src/src/kem/bike/additional_r4/kem.c:243)
==148949==    by 0x10933A: main (ct_test.c:66)
==148949== 
==148949== Use of uninitialised value of size 1
==148949==    at 0x48643C0: OQS_KEM_bike_l1_rotate256_small (vendor/liboqs-src/src/kem/bike/additional_r4/decode_avx2.c:81)
==148949==    by 0x48643C0: OQS_KEM_bike_l1_rotate_right_avx2 (vendor/liboqs-src/src/kem/bike/additional_r4/decode_avx2.c:103)
==148949==    by 0x485F9BC: find_err1 (vendor/liboqs-src/src/kem/bike/additional_r4/decode.c:156)
==148949==    by 0x485F9BC: OQS_KEM_bike_l1_decode (vendor/liboqs-src/src/kem/bike/additional_r4/decode.c:270)
==148949==    by 0x48631D8: OQS_KEM_bike_l1_decaps (vendor/liboqs-src/src/kem/bike/additional_r4/kem.c:243)
==148949==    by 0x10933A: main (ct_test.c:66)
==148949== 
==148949== Use of uninitialised value of size 1
==148949==    at 0x48643C0: OQS_KEM_bike_l1_rotate256_small (vendor/liboqs-src/src/kem/bike/additional_r4/decode_avx2.c:81)
==148949==    by 0x48643C0: OQS_KEM_bike_l1_rotate_right_avx2 (vendor/liboqs-src/src/kem/bike/additional_r4/decode_avx2.c:103)
==148949==    by 0x485FC37: find_err1 (vendor/liboqs-src/src/kem/bike/additional_r4/decode.c:156)
==148949==    by 0x485FC37: OQS_KEM_bike_l1_decode (vendor/liboqs-src/src/kem/bike/additional_r4/decode.c:270)
==148949==    by 0x48631D8: OQS_KEM_bike_l1_decaps (vendor/liboqs-src/src/kem/bike/additional_r4/kem.c:243)
==148949==    by 0x10933A: main (ct_test.c:66)
==148949== 
==148949== Use of uninitialised value of size 1
==148949==    at 0x48643C0: OQS_KEM_bike_l1_rotate256_small (vendor/liboqs-src/src/kem/bike/additional_r4/decode_avx2.c:81)
==148949==    by 0x48643C0: OQS_KEM_bike_l1_rotate_right_avx2 (vendor/liboqs-src/src/kem/bike/additional_r4/decode_avx2.c:103)
==148949==    by 0x485FC5E: find_err1 (vendor/liboqs-src/src/kem/bike/additional_r4/decode.c:156)
==148949==    by 0x485FC5E: OQS_KEM_bike_l1_decode (vendor/liboqs-src/src/kem/bike/additional_r4/decode.c:270)
==148949==    by 0x48631D8: OQS_KEM_bike_l1_decaps (vendor/liboqs-src/src/kem/bike/additional_r4/kem.c:243)
==148949==    by 0x10933A: main (ct_test.c:66)
==148949== 
==148949== Use of uninitialised value of size 1
==148949==    at 0x48643C0: OQS_KEM_bike_l1_rotate256_small (vendor/liboqs-src/src/kem/bike/additional_r4/decode_avx2.c:81)
==148949==    by 0x48643C0: OQS_KEM_bike_l1_rotate_right_avx2 (vendor/liboqs-src/src/kem/bike/additional_r4/decode_avx2.c:103)
==148949==    by 0x485FC85: find_err1 (vendor/liboqs-src/src/kem/bike/additional_r4/decode.c:156)
==148949==    by 0x485FC85: OQS_KEM_bike_l1_decode (vendor/liboqs-src/src/kem/bike/additional_r4/decode.c:270)
==148949==    by 0x48631D8: OQS_KEM_bike_l1_decaps (vendor/liboqs-src/src/kem/bike/additional_r4/kem.c:243)
==148949==    by 0x10933A: main (ct_test.c:66)
==148949== 
==148949== Use of uninitialised value of size 1
==148949==    at 0x48643C0: OQS_KEM_bike_l1_rotate256_small (vendor/liboqs-src/src/kem/bike/additional_r4/decode_avx2.c:81)
==148949==    by 0x48643C0: OQS_KEM_bike_l1_rotate_right_avx2 (vendor/liboqs-src/src/kem/bike/additional_r4/decode_avx2.c:103)
==148949==    by 0x485FCAC: find_err1 (vendor/liboqs-src/src/kem/bike/additional_r4/decode.c:156)
==148949==    by 0x485FCAC: OQS_KEM_bike_l1_decode (vendor/liboqs-src/src/kem/bike/additional_r4/decode.c:270)
==148949==    by 0x48631D8: OQS_KEM_bike_l1_decaps (vendor/liboqs-src/src/kem/bike/additional_r4/kem.c:243)
==148949==    by 0x10933A: main (ct_test.c:66)
==148949== 
==148949== Use of uninitialised value of size 1
==148949==    at 0x48643C0: OQS_KEM_bike_l1_rotate256_small (vendor/liboqs-src/src/kem/bike/additional_r4/decode_avx2.c:81)
==148949==    by 0x48643C0: OQS_KEM_bike_l1_rotate_right_avx2 (vendor/liboqs-src/src/kem/bike/additional_r4/decode_avx2.c:103)
==148949==    by 0x485FCD3: find_err1 (vendor/liboqs-src/src/kem/bike/additional_r4/decode.c:156)
==148949==    by 0x485FCD3: OQS_KEM_bike_l1_decode (vendor/liboqs-src/src/kem/bike/additional_r4/decode.c:270)
==148949==    by 0x48631D8: OQS_KEM_bike_l1_decaps (vendor/liboqs-src/src/kem/bike/additional_r4/kem.c:243)
==148949==    by 0x10933A: main (ct_test.c:66)
==148949== 
==148949== Use of uninitialised value of size 1
==148949==    at 0x48643C0: OQS_KEM_bike_l1_rotate256_small (vendor/liboqs-src/src/kem/bike/additional_r4/decode_avx2.c:81)
==148949==    by 0x48643C0: OQS_KEM_bike_l1_rotate_right_avx2 (vendor/liboqs-src/src/kem/bike/additional_r4/decode_avx2.c:103)
==148949==    by 0x485FCFA: find_err1 (vendor/liboqs-src/src/kem/bike/additional_r4/decode.c:156)
==148949==    by 0x485FCFA: OQS_KEM_bike_l1_decode (vendor/liboqs-src/src/kem/bike/additional_r4/decode.c:270)
==148949==    by 0x48631D8: OQS_KEM_bike_l1_decaps (vendor/liboqs-src/src/kem/bike/additional_r4/kem.c:243)
==148949==    by 0x10933A: main (ct_test.c:66)
==148949== 
==148949== Use of uninitialised value of size 1
==148949==    at 0x48643C0: OQS_KEM_bike_l1_rotate256_small (vendor/liboqs-src/src/kem/bike/additional_r4/decode_avx2.c:81)
==148949==    by 0x48643C0: OQS_KEM_bike_l1_rotate_right_avx2 (vendor/liboqs-src/src/kem/bike/additional_r4/decode_avx2.c:103)
==148949==    by 0x485FD21: find_err1 (vendor/liboqs-src/src/kem/bike/additional_r4/decode.c:156)
==148949==    by 0x485FD21: OQS_KEM_bike_l1_decode (vendor/liboqs-src/src/kem/bike/additional_r4/decode.c:270)
==148949==    by 0x48631D8: OQS_KEM_bike_l1_decaps (vendor/liboqs-src/src/kem/bike/additional_r4/kem.c:243)
==148949==    by 0x10933A: main (ct_test.c:66)
==148949== 
==148949== Use of uninitialised value of size 1
==148949==    at 0x48643C0: OQS_KEM_bike_l1_rotate256_small (vendor/liboqs-src/src/kem/bike/additional_r4/decode_avx2.c:81)
==148949==    by 0x48643C0: OQS_KEM_bike_l1_rotate_right_avx2 (vendor/liboqs-src/src/kem/bike/additional_r4/decode_avx2.c:103)
==148949==    by 0x485FD70: find_err1 (vendor/liboqs-src/src/kem/bike/additional_r4/decode.c:156)
==148949==    by 0x485FD70: OQS_KEM_bike_l1_decode (vendor/liboqs-src/src/kem/bike/additional_r4/decode.c:270)
==148949==    by 0x48631D8: OQS_KEM_bike_l1_decaps (vendor/liboqs-src/src/kem/bike/additional_r4/kem.c:243)
==148949==    by 0x10933A: main (ct_test.c:66)
==148949== 
==148949== Use of uninitialised value of size 1
==148949==    at 0x48643C0: OQS_KEM_bike_l1_rotate256_small (vendor/liboqs-src/src/kem/bike/additional_r4/decode_avx2.c:81)
==148949==    by 0x48643C0: OQS_KEM_bike_l1_rotate_right_avx2 (vendor/liboqs-src/src/kem/bike/additional_r4/decode_avx2.c:103)
==148949==    by 0x486020E: find_err2 (vendor/liboqs-src/src/kem/bike/additional_r4/decode.c:214)
==148949==    by 0x4860034: OQS_KEM_bike_l1_decode (vendor/liboqs-src/src/kem/bike/additional_r4/decode.c:281)
==148949==    by 0x48631D8: OQS_KEM_bike_l1_decaps (vendor/liboqs-src/src/kem/bike/additional_r4/kem.c:243)
==148949==    by 0x10933A: main (ct_test.c:66)
==148949== 
==148949== Use of uninitialised value of size 1
==148949==    at 0x48643C0: OQS_KEM_bike_l1_rotate256_small (vendor/liboqs-src/src/kem/bike/additional_r4/decode_avx2.c:81)
==148949==    by 0x48643C0: OQS_KEM_bike_l1_rotate_right_avx2 (vendor/liboqs-src/src/kem/bike/additional_r4/decode_avx2.c:103)
==148949==    by 0x4860233: find_err2 (vendor/liboqs-src/src/kem/bike/additional_r4/decode.c:214)
==148949==    by 0x4860034: OQS_KEM_bike_l1_decode (vendor/liboqs-src/src/kem/bike/additional_r4/decode.c:281)
==148949==    by 0x48631D8: OQS_KEM_bike_l1_decaps (vendor/liboqs-src/src/kem/bike/additional_r4/kem.c:243)
==148949==    by 0x10933A: main (ct_test.c:66)
==148949== 
==148949== Use of uninitialised value of size 1
==148949==    at 0x48643C0: OQS_KEM_bike_l1_rotate256_small (vendor/liboqs-src/src/kem/bike/additional_r4/decode_avx2.c:81)
==148949==    by 0x48643C0: OQS_KEM_bike_l1_rotate_right_avx2 (vendor/liboqs-src/src/kem/bike/additional_r4/decode_avx2.c:103)
==148949==    by 0x4860258: find_err2 (vendor/liboqs-src/src/kem/bike/additional_r4/decode.c:214)
==148949==    by 0x4860034: OQS_KEM_bike_l1_decode (vendor/liboqs-src/src/kem/bike/additional_r4/decode.c:281)
==148949==    by 0x48631D8: OQS_KEM_bike_l1_decaps (vendor/liboqs-src/src/kem/bike/additional_r4/kem.c:243)
==148949==    by 0x10933A: main (ct_test.c:66)
==148949== 
==148949== Use of uninitialised value of size 1
==148949==    at 0x48643C0: OQS_KEM_bike_l1_rotate256_small (vendor/liboqs-src/src/kem/bike/additional_r4/decode_avx2.c:81)
==148949==    by 0x48643C0: OQS_KEM_bike_l1_rotate_right_avx2 (vendor/liboqs-src/src/kem/bike/additional_r4/decode_avx2.c:103)
==148949==    by 0x4860282: find_err2 (vendor/liboqs-src/src/kem/bike/additional_r4/decode.c:214)
==148949==    by 0x4860034: OQS_KEM_bike_l1_decode (vendor/liboqs-src/src/kem/bike/additional_r4/decode.c:281)
==148949==    by 0x48631D8: OQS_KEM_bike_l1_decaps (vendor/liboqs-src/src/kem/bike/additional_r4/kem.c:243)
==148949==    by 0x10933A: main (ct_test.c:66)
==148949== 
==148949== Use of uninitialised value of size 1
==148949==    at 0x48643C0: OQS_KEM_bike_l1_rotate256_small (vendor/liboqs-src/src/kem/bike/additional_r4/decode_avx2.c:81)
==148949==    by 0x48643C0: OQS_KEM_bike_l1_rotate_right_avx2 (vendor/liboqs-src/src/kem/bike/additional_r4/decode_avx2.c:103)
==148949==    by 0x48602A7: find_err2 (vendor/liboqs-src/src/kem/bike/additional_r4/decode.c:214)
==148949==    by 0x4860034: OQS_KEM_bike_l1_decode (vendor/liboqs-src/src/kem/bike/additional_r4/decode.c:281)
==148949==    by 0x48631D8: OQS_KEM_bike_l1_decaps (vendor/liboqs-src/src/kem/bike/additional_r4/kem.c:243)
==148949==    by 0x10933A: main (ct_test.c:66)
==148949== 
==148949== Use of uninitialised value of size 1
==148949==    at 0x48643C0: OQS_KEM_bike_l1_rotate256_small (vendor/liboqs-src/src/kem/bike/additional_r4/decode_avx2.c:81)
==148949==    by 0x48643C0: OQS_KEM_bike_l1_rotate_right_avx2 (vendor/liboqs-src/src/kem/bike/additional_r4/decode_avx2.c:103)
==148949==    by 0x48602D1: find_err2 (vendor/liboqs-src/src/kem/bike/additional_r4/decode.c:214)
==148949==    by 0x4860034: OQS_KEM_bike_l1_decode (vendor/liboqs-src/src/kem/bike/additional_r4/decode.c:281)
==148949==    by 0x48631D8: OQS_KEM_bike_l1_decaps (vendor/liboqs-src/src/kem/bike/additional_r4/kem.c:243)
==148949==    by 0x10933A: main (ct_test.c:66)
==148949== 
==148949== Use of uninitialised value of size 1
==148949==    at 0x48643C0: OQS_KEM_bike_l1_rotate256_small (vendor/liboqs-src/src/kem/bike/additional_r4/decode_avx2.c:81)
==148949==    by 0x48643C0: OQS_KEM_bike_l1_rotate_right_avx2 (vendor/liboqs-src/src/kem/bike/additional_r4/decode_avx2.c:103)
==148949==    by 0x48602F6: find_err2 (vendor/liboqs-src/src/kem/bike/additional_r4/decode.c:214)
==148949==    by 0x4860034: OQS_KEM_bike_l1_decode (vendor/liboqs-src/src/kem/bike/additional_r4/decode.c:281)
==148949==    by 0x48631D8: OQS_KEM_bike_l1_decaps (vendor/liboqs-src/src/kem/bike/additional_r4/kem.c:243)
==148949==    by 0x10933A: main (ct_test.c:66)
==148949== 
==148949== Use of uninitialised value of size 1
==148949==    at 0x48643C0: OQS_KEM_bike_l1_rotate256_small (vendor/liboqs-src/src/kem/bike/additional_r4/decode_avx2.c:81)
==148949==    by 0x48643C0: OQS_KEM_bike_l1_rotate_right_avx2 (vendor/liboqs-src/src/kem/bike/additional_r4/decode_avx2.c:103)
==148949==    by 0x4860341: find_err2 (vendor/liboqs-src/src/kem/bike/additional_r4/decode.c:214)
==148949==    by 0x4860034: OQS_KEM_bike_l1_decode (vendor/liboqs-src/src/kem/bike/additional_r4/decode.c:281)
==148949==    by 0x48631D8: OQS_KEM_bike_l1_decaps (vendor/liboqs-src/src/kem/bike/additional_r4/kem.c:243)
==148949==    by 0x10933A: main (ct_test.c:66)
==148949== 
==148949== Use of uninitialised value of size 1
==148949==    at 0x48643C0: OQS_KEM_bike_l1_rotate256_small (vendor/liboqs-src/src/kem/bike/additional_r4/decode_avx2.c:81)
==148949==    by 0x48643C0: OQS_KEM_bike_l1_rotate_right_avx2 (vendor/liboqs-src/src/kem/bike/additional_r4/decode_avx2.c:103)
==148949==    by 0x486020E: find_err2 (vendor/liboqs-src/src/kem/bike/additional_r4/decode.c:214)
==148949==    by 0x4860084: OQS_KEM_bike_l1_decode (vendor/liboqs-src/src/kem/bike/additional_r4/decode.c:288)
==148949==    by 0x48631D8: OQS_KEM_bike_l1_decaps (vendor/liboqs-src/src/kem/bike/additional_r4/kem.c:243)
==148949==    by 0x10933A: main (ct_test.c:66)
==148949== 
==148949== Use of uninitialised value of size 1
==148949==    at 0x48643C0: OQS_KEM_bike_l1_rotate256_small (vendor/liboqs-src/src/kem/bike/additional_r4/decode_avx2.c:81)
==148949==    by 0x48643C0: OQS_KEM_bike_l1_rotate_right_avx2 (vendor/liboqs-src/src/kem/bike/additional_r4/decode_avx2.c:103)
==148949==    by 0x4860233: find_err2 (vendor/liboqs-src/src/kem/bike/additional_r4/decode.c:214)
==148949==    by 0x4860084: OQS_KEM_bike_l1_decode (vendor/liboqs-src/src/kem/bike/additional_r4/decode.c:288)
==148949==    by 0x48631D8: OQS_KEM_bike_l1_decaps (vendor/liboqs-src/src/kem/bike/additional_r4/kem.c:243)
==148949==    by 0x10933A: main (ct_test.c:66)
==148949== 
==148949== Use of uninitialised value of size 1
==148949==    at 0x48643C0: OQS_KEM_bike_l1_rotate256_small (vendor/liboqs-src/src/kem/bike/additional_r4/decode_avx2.c:81)
==148949==    by 0x48643C0: OQS_KEM_bike_l1_rotate_right_avx2 (vendor/liboqs-src/src/kem/bike/additional_r4/decode_avx2.c:103)
==148949==    by 0x4860258: find_err2 (vendor/liboqs-src/src/kem/bike/additional_r4/decode.c:214)
==148949==    by 0x4860084: OQS_KEM_bike_l1_decode (vendor/liboqs-src/src/kem/bike/additional_r4/decode.c:288)
==148949==    by 0x48631D8: OQS_KEM_bike_l1_decaps (vendor/liboqs-src/src/kem/bike/additional_r4/kem.c:243)
==148949==    by 0x10933A: main (ct_test.c:66)
==148949== 
==148949== Use of uninitialised value of size 1
==148949==    at 0x48643C0: OQS_KEM_bike_l1_rotate256_small (vendor/liboqs-src/src/kem/bike/additional_r4/decode_avx2.c:81)
==148949==    by 0x48643C0: OQS_KEM_bike_l1_rotate_right_avx2 (vendor/liboqs-src/src/kem/bike/additional_r4/decode_avx2.c:103)
==148949==    by 0x4860282: find_err2 (vendor/liboqs-src/src/kem/bike/additional_r4/decode.c:214)
==148949==    by 0x4860084: OQS_KEM_bike_l1_decode (vendor/liboqs-src/src/kem/bike/additional_r4/decode.c:288)
==148949==    by 0x48631D8: OQS_KEM_bike_l1_decaps (vendor/liboqs-src/src/kem/bike/additional_r4/kem.c:243)
==148949==    by 0x10933A: main (ct_test.c:66)
==148949== 
==148949== Use of uninitialised value of size 1
==148949==    at 0x48643C0: OQS_KEM_bike_l1_rotate256_small (vendor/liboqs-src/src/kem/bike/additional_r4/decode_avx2.c:81)
==148949==    by 0x48643C0: OQS_KEM_bike_l1_rotate_right_avx2 (vendor/liboqs-src/src/kem/bike/additional_r4/decode_avx2.c:103)
==148949==    by 0x48602A7: find_err2 (vendor/liboqs-src/src/kem/bike/additional_r4/decode.c:214)
==148949==    by 0x4860084: OQS_KEM_bike_l1_decode (vendor/liboqs-src/src/kem/bike/additional_r4/decode.c:288)
==148949==    by 0x48631D8: OQS_KEM_bike_l1_decaps (vendor/liboqs-src/src/kem/bike/additional_r4/kem.c:243)
==148949==    by 0x10933A: main (ct_test.c:66)
==148949== 
==148949== Use of uninitialised value of size 1
==148949==    at 0x48643C0: OQS_KEM_bike_l1_rotate256_small (vendor/liboqs-src/src/kem/bike/additional_r4/decode_avx2.c:81)
==148949==    by 0x48643C0: OQS_KEM_bike_l1_rotate_right_avx2 (vendor/liboqs-src/src/kem/bike/additional_r4/decode_avx2.c:103)
==148949==    by 0x48602D1: find_err2 (vendor/liboqs-src/src/kem/bike/additional_r4/decode.c:214)
==148949==    by 0x4860084: OQS_KEM_bike_l1_decode (vendor/liboqs-src/src/kem/bike/additional_r4/decode.c:288)
==148949==    by 0x48631D8: OQS_KEM_bike_l1_decaps (vendor/liboqs-src/src/kem/bike/additional_r4/kem.c:243)
==148949==    by 0x10933A: main (ct_test.c:66)
==148949== 
==148949== Use of uninitialised value of size 1
==148949==    at 0x48643C0: OQS_KEM_bike_l1_rotate256_small (vendor/liboqs-src/src/kem/bike/additional_r4/decode_avx2.c:81)
==148949==    by 0x48643C0: OQS_KEM_bike_l1_rotate_right_avx2 (vendor/liboqs-src/src/kem/bike/additional_r4/decode_avx2.c:103)
==148949==    by 0x48602F6: find_err2 (vendor/liboqs-src/src/kem/bike/additional_r4/decode.c:214)
==148949==    by 0x4860084: OQS_KEM_bike_l1_decode (vendor/liboqs-src/src/kem/bike/additional_r4/decode.c:288)
==148949==    by 0x48631D8: OQS_KEM_bike_l1_decaps (vendor/liboqs-src/src/kem/bike/additional_r4/kem.c:243)
==148949==    by 0x10933A: main (ct_test.c:66)
==148949== 
==148949== Use of uninitialised value of size 1
==148949==    at 0x48643C0: OQS_KEM_bike_l1_rotate256_small (vendor/liboqs-src/src/kem/bike/additional_r4/decode_avx2.c:81)
==148949==    by 0x48643C0: OQS_KEM_bike_l1_rotate_right_avx2 (vendor/liboqs-src/src/kem/bike/additional_r4/decode_avx2.c:103)
==148949==    by 0x4860341: find_err2 (vendor/liboqs-src/src/kem/bike/additional_r4/decode.c:214)
==148949==    by 0x4860084: OQS_KEM_bike_l1_decode (vendor/liboqs-src/src/kem/bike/additional_r4/decode.c:288)
==148949==    by 0x48631D8: OQS_KEM_bike_l1_decaps (vendor/liboqs-src/src/kem/bike/additional_r4/kem.c:243)
==148949==    by 0x10933A: main (ct_test.c:66)
==148949== 
INFO: alg=BIKE-L1 poison=1 decaps_rc=0
==148949== 
==148949== HEAP SUMMARY:
==148949==     in use at exit: 0 bytes in 0 blocks
==148949==   total heap usage: 13 allocs, 13 frees, 10,065 bytes allocated
==148949== 
==148949== All heap blocks were freed -- no leaks are possible
==148949== 
==148949== For lists of detected and suppressed errors, rerun with: -s
==148949== ERROR SUMMARY: 24850 errors from 32 contexts (suppressed: 0 from 0)
