==148495== Memcheck, a memory error detector
==148495== Copyright (C) 2002-2024, and GNU GPL'd, by Julian Seward et al.
==148495== Using Valgrind-3.24.0 and LibVEX; rerun with -h for copyright info
==148495== Command: /home/wizard/Desktop/thesis/sidechannel_verification/compiler_matrix/../ctgrind/ct_test_gcc-Os BIKE-L1 1
==148495== 
==148495== Use of uninitialised value of size 1
==148495==    at 0x4865380: _mm256_permutevar8x32_epi32 (avx2intrin.h:1046)
==148495==    by 0x4865380: OQS_KEM_bike_l1_rotate256_small (decode_avx2.c:81)
==148495==    by 0x4865380: OQS_KEM_bike_l1_rotate_right_avx2 (decode_avx2.c:103)
==148495==    by 0x485FB4A: find_err1 (decode.c:156)
==148495==    by 0x485FB4A: OQS_KEM_bike_l1_decode (decode.c:270)
==148495==    by 0x4864477: OQS_KEM_bike_l1_decaps (kem.c:243)
==148495==    by 0x10933A: main (ct_test.c:66)
==148495== 
==148495== Use of uninitialised value of size 1
==148495==    at 0x4865380: _mm256_permutevar8x32_epi32 (avx2intrin.h:1046)
==148495==    by 0x4865380: OQS_KEM_bike_l1_rotate256_small (decode_avx2.c:81)
==148495==    by 0x4865380: OQS_KEM_bike_l1_rotate_right_avx2 (decode_avx2.c:103)
==148495==    by 0x485FEDA: find_err2 (decode.c:214)
==148495==    by 0x485FEDA: OQS_KEM_bike_l1_decode (decode.c:281)
==148495==    by 0x4864477: OQS_KEM_bike_l1_decaps (kem.c:243)
==148495==    by 0x10933A: main (ct_test.c:66)
==148495== 
==148495== Use of uninitialised value of size 1
==148495==    at 0x4865380: _mm256_permutevar8x32_epi32 (avx2intrin.h:1046)
==148495==    by 0x4865380: OQS_KEM_bike_l1_rotate256_small (decode_avx2.c:81)
==148495==    by 0x4865380: OQS_KEM_bike_l1_rotate_right_avx2 (decode_avx2.c:103)
==148495==    by 0x48601AA: find_err2 (decode.c:214)
==148495==    by 0x48601AA: OQS_KEM_bike_l1_decode (decode.c:288)
==148495==    by 0x4864477: OQS_KEM_bike_l1_decaps (kem.c:243)
==148495==    by 0x10933A: main (ct_test.c:66)
==148495== 
==148495== Use of uninitialised value of size 1
==148495==    at 0x4865380: _mm256_permutevar8x32_epi32 (avx2intrin.h:1046)
==148495==    by 0x4865380: OQS_KEM_bike_l1_rotate256_small (decode_avx2.c:81)
==148495==    by 0x4865380: OQS_KEM_bike_l1_rotate_right_avx2 (decode_avx2.c:103)
==148495==    by 0x4860499: find_err1 (decode.c:156)
==148495==    by 0x4860499: OQS_KEM_bike_l1_decode (decode.c:270)
==148495==    by 0x4864477: OQS_KEM_bike_l1_decaps (kem.c:243)
==148495==    by 0x10933A: main (ct_test.c:66)
==148495== 
==148495== Use of uninitialised value of size 1
==148495==    at 0x4865C50: OQS_KEM_bike_l1_secure_set_bits_avx2 (sampling_avx2.c:65)
==148495==    by 0x4864F72: OQS_KEM_bike_l1_generate_error_vector (sampling.c:134)
==148495==    by 0x48645DC: OQS_KEM_bike_l1_function_h (kem.c:39)
==148495==    by 0x48645DC: OQS_KEM_bike_l1_decaps (kem.c:253)
==148495==    by 0x10933A: main (ct_test.c:66)
==148495== 
==148495== Use of uninitialised value of size 1
==148495==    at 0x4865C50: OQS_KEM_bike_l1_secure_set_bits_avx2 (sampling_avx2.c:65)
==148495==    by 0x4864F89: OQS_KEM_bike_l1_generate_error_vector (sampling.c:135)
==148495==    by 0x48645DC: OQS_KEM_bike_l1_function_h (kem.c:39)
==148495==    by 0x48645DC: OQS_KEM_bike_l1_decaps (kem.c:253)
==148495==    by 0x10933A: main (ct_test.c:66)
==148495== 
INFO: alg=BIKE-L1 poison=1 decaps_rc=0
==148495== 
==148495== HEAP SUMMARY:
==148495==     in use at exit: 0 bytes in 0 blocks
==148495==   total heap usage: 13 allocs, 13 frees, 10,065 bytes allocated
==148495== 
==148495== All heap blocks were freed -- no leaks are possible
==148495== 
==148495== For lists of detected and suppressed errors, rerun with: -s
==148495== ERROR SUMMARY: 103688 errors from 6 contexts (suppressed: 0 from 0)
