==148509== Memcheck, a memory error detector
==148509== Copyright (C) 2002-2024, and GNU GPL'd, by Julian Seward et al.
==148509== Using Valgrind-3.24.0 and LibVEX; rerun with -h for copyright info
==148509== Command: /home/wizard/Desktop/thesis/sidechannel_verification/compiler_matrix/../ctgrind/ct_test_gcc-Os BIKE-L1 1
==148509== 
==148509== Use of uninitialised value of size 1
==148509==    at 0x4865380: _mm256_permutevar8x32_epi32 (avx2intrin.h:1046)
==148509==    by 0x4865380: OQS_KEM_bike_l1_rotate256_small (decode_avx2.c:81)
==148509==    by 0x4865380: OQS_KEM_bike_l1_rotate_right_avx2 (decode_avx2.c:103)
==148509==    by 0x485FB4A: find_err1 (decode.c:156)
==148509==    by 0x485FB4A: OQS_KEM_bike_l1_decode (decode.c:270)
==148509==    by 0x4864477: OQS_KEM_bike_l1_decaps (kem.c:243)
==148509==    by 0x10933A: main (ct_test.c:66)
==148509== 
==148509== Use of uninitialised value of size 1
==148509==    at 0x4865380: _mm256_permutevar8x32_epi32 (avx2intrin.h:1046)
==148509==    by 0x4865380: OQS_KEM_bike_l1_rotate256_small (decode_avx2.c:81)
==148509==    by 0x4865380: OQS_KEM_bike_l1_rotate_right_avx2 (decode_avx2.c:103)
==148509==    by 0x485FEDA: find_err2 (decode.c:214)
==148509==    by 0x485FEDA: OQS_KEM_bike_l1_decode (decode.c:281)
==148509==    by 0x4864477: OQS_KEM_bike_l1_decaps (kem.c:243)
==148509==    by 0x10933A: main (ct_test.c:66)
==148509== 
==148509== Use of uninitialised value of size 1
==148509==    at 0x4865380: _mm256_permutevar8x32_epi32 (avx2intrin.h:1046)
==148509==    by 0x4865380: OQS_KEM_bike_l1_rotate256_small (decode_avx2.c:81)
==148509==    by 0x4865380: OQS_KEM_bike_l1_rotate_right_avx2 (decode_avx2.c:103)
==148509==    by 0x48601AA: find_err2 (decode.c:214)
==148509==    by 0x48601AA: OQS_KEM_bike_l1_decode (decode.c:288)
==148509==    by 0x4864477: OQS_KEM_bike_l1_decaps (kem.c:243)
==148509==    by 0x10933A: main (ct_test.c:66)
==148509== 
==148509== Use of uninitialised value of size 1
==148509==    at 0x4865380: _mm256_permutevar8x32_epi32 (avx2intrin.h:1046)
==148509==    by 0x4865380: OQS_KEM_bike_l1_rotate256_small (decode_avx2.c:81)
==148509==    by 0x4865380: OQS_KEM_bike_l1_rotate_right_avx2 (decode_avx2.c:103)
==148509==    by 0x4860499: find_err1 (decode.c:156)
==148509==    by 0x4860499: OQS_KEM_bike_l1_decode (decode.c:270)
==148509==    by 0x4864477: OQS_KEM_bike_l1_decaps (kem.c:243)
==148509==    by 0x10933A: main (ct_test.c:66)
==148509== 
INFO: alg=BIKE-L1 poison=1 decaps_rc=0
==148509== 
==148509== HEAP SUMMARY:
==148509==     in use at exit: 0 bytes in 0 blocks
==148509==   total heap usage: 13 allocs, 13 frees, 10,065 bytes allocated
==148509== 
==148509== All heap blocks were freed -- no leaks are possible
==148509== 
==148509== For lists of detected and suppressed errors, rerun with: -s
==148509== ERROR SUMMARY: 99400 errors from 4 contexts (suppressed: 4288 from 2)
